mode: set
github.com/arzzra/soft_phone/pkg/media/audio_processor.go:47.57,58.2 1 0
github.com/arzzra/soft_phone/pkg/media/audio_processor.go:62.69,64.28 1 0
github.com/arzzra/soft_phone/pkg/media/audio_processor.go:64.28,66.3 1 0
github.com/arzzra/soft_phone/pkg/media/audio_processor.go:67.2,67.26 1 0
github.com/arzzra/soft_phone/pkg/media/audio_processor.go:67.26,69.3 1 0
github.com/arzzra/soft_phone/pkg/media/audio_processor.go:70.2,70.23 1 0
github.com/arzzra/soft_phone/pkg/media/audio_processor.go:70.23,72.3 1 0
github.com/arzzra/soft_phone/pkg/media/audio_processor.go:75.2,82.3 3 0
github.com/arzzra/soft_phone/pkg/media/audio_processor.go:86.77,95.36 6 0
github.com/arzzra/soft_phone/pkg/media/audio_processor.go:95.36,100.3 1 0
github.com/arzzra/soft_phone/pkg/media/audio_processor.go:103.2,109.25 3 0
github.com/arzzra/soft_phone/pkg/media/audio_processor.go:109.25,111.3 1 0
github.com/arzzra/soft_phone/pkg/media/audio_processor.go:114.2,114.24 1 0
github.com/arzzra/soft_phone/pkg/media/audio_processor.go:114.24,116.3 1 0
github.com/arzzra/soft_phone/pkg/media/audio_processor.go:119.2,120.16 2 0
github.com/arzzra/soft_phone/pkg/media/audio_processor.go:120.16,122.3 1 0
github.com/arzzra/soft_phone/pkg/media/audio_processor.go:124.2,125.23 2 0
github.com/arzzra/soft_phone/pkg/media/audio_processor.go:129.77,138.16 6 0
github.com/arzzra/soft_phone/pkg/media/audio_processor.go:138.16,140.3 1 0
github.com/arzzra/soft_phone/pkg/media/audio_processor.go:143.2,149.26 3 0
github.com/arzzra/soft_phone/pkg/media/audio_processor.go:149.26,151.3 1 0
github.com/arzzra/soft_phone/pkg/media/audio_processor.go:154.2,154.24 1 0
github.com/arzzra/soft_phone/pkg/media/audio_processor.go:154.24,156.3 1 0
github.com/arzzra/soft_phone/pkg/media/audio_processor.go:159.2,159.25 1 0
github.com/arzzra/soft_phone/pkg/media/audio_processor.go:159.25,161.3 1 0
github.com/arzzra/soft_phone/pkg/media/audio_processor.go:163.2,164.27 2 0
github.com/arzzra/soft_phone/pkg/media/audio_processor.go:168.57,180.2 7 0
github.com/arzzra/soft_phone/pkg/media/audio_processor.go:183.68,196.2 3 0
github.com/arzzra/soft_phone/pkg/media/audio_processor.go:210.55,213.2 2 0
github.com/arzzra/soft_phone/pkg/media/audio_processor.go:216.73,217.31 1 0
github.com/arzzra/soft_phone/pkg/media/audio_processor.go:218.23,219.39 1 0
github.com/arzzra/soft_phone/pkg/media/audio_processor.go:220.23,221.39 1 0
github.com/arzzra/soft_phone/pkg/media/audio_processor.go:222.23,223.34 1 0
github.com/arzzra/soft_phone/pkg/media/audio_processor.go:224.22,225.33 1 0
github.com/arzzra/soft_phone/pkg/media/audio_processor.go:226.10,230.21 3 0
github.com/arzzra/soft_phone/pkg/media/audio_processor.go:235.73,236.31 1 0
github.com/arzzra/soft_phone/pkg/media/audio_processor.go:237.23,238.39 1 0
github.com/arzzra/soft_phone/pkg/media/audio_processor.go:239.23,240.39 1 0
github.com/arzzra/soft_phone/pkg/media/audio_processor.go:241.23,242.34 1 0
github.com/arzzra/soft_phone/pkg/media/audio_processor.go:243.22,244.33 1 0
github.com/arzzra/soft_phone/pkg/media/audio_processor.go:245.10,249.21 3 0
github.com/arzzra/soft_phone/pkg/media/audio_processor.go:254.61,260.35 4 0
github.com/arzzra/soft_phone/pkg/media/audio_processor.go:260.35,261.24 1 0
github.com/arzzra/soft_phone/pkg/media/audio_processor.go:261.24,263.4 1 0
github.com/arzzra/soft_phone/pkg/media/audio_processor.go:267.2,267.18 1 0
github.com/arzzra/soft_phone/pkg/media/audio_processor.go:267.18,271.36 3 0
github.com/arzzra/soft_phone/pkg/media/audio_processor.go:271.36,273.22 2 0
github.com/arzzra/soft_phone/pkg/media/audio_processor.go:273.22,275.5 1 0
github.com/arzzra/soft_phone/pkg/media/audio_processor.go:276.4,276.30 1 0
github.com/arzzra/soft_phone/pkg/media/audio_processor.go:280.2,280.15 1 0
github.com/arzzra/soft_phone/pkg/media/audio_processor.go:284.72,289.24 3 0
github.com/arzzra/soft_phone/pkg/media/audio_processor.go:289.24,290.41 1 0
github.com/arzzra/soft_phone/pkg/media/audio_processor.go:290.41,293.20 2 0
github.com/arzzra/soft_phone/pkg/media/audio_processor.go:293.20,295.5 1 0
github.com/arzzra/soft_phone/pkg/media/audio_processor.go:296.4,296.22 1 0
github.com/arzzra/soft_phone/pkg/media/audio_processor.go:296.22,298.5 1 0
github.com/arzzra/soft_phone/pkg/media/audio_processor.go:299.4,299.30 1 0
github.com/arzzra/soft_phone/pkg/media/audio_processor.go:303.2,303.15 1 0
github.com/arzzra/soft_phone/pkg/media/audio_processor.go:307.74,312.2 3 0
github.com/arzzra/soft_phone/pkg/media/audio_processor.go:317.63,319.35 2 0
github.com/arzzra/soft_phone/pkg/media/audio_processor.go:319.35,321.20 1 0
github.com/arzzra/soft_phone/pkg/media/audio_processor.go:321.20,323.4 1 0
github.com/arzzra/soft_phone/pkg/media/audio_processor.go:323.9,325.4 1 0
github.com/arzzra/soft_phone/pkg/media/audio_processor.go:327.2,327.15 1 0
github.com/arzzra/soft_phone/pkg/media/audio_processor.go:331.63,333.35 2 0
github.com/arzzra/soft_phone/pkg/media/audio_processor.go:333.35,335.21 1 0
github.com/arzzra/soft_phone/pkg/media/audio_processor.go:335.21,337.4 1 0
github.com/arzzra/soft_phone/pkg/media/audio_processor.go:337.9,339.4 1 0
github.com/arzzra/soft_phone/pkg/media/audio_processor.go:341.2,341.15 1 0
github.com/arzzra/soft_phone/pkg/media/audio_processor.go:345.63,347.35 2 0
github.com/arzzra/soft_phone/pkg/media/audio_processor.go:347.35,349.3 1 0
github.com/arzzra/soft_phone/pkg/media/audio_processor.go:350.2,350.15 1 0
github.com/arzzra/soft_phone/pkg/media/audio_processor.go:354.63,356.35 2 0
github.com/arzzra/soft_phone/pkg/media/audio_processor.go:356.35,358.3 1 0
github.com/arzzra/soft_phone/pkg/media/audio_processor.go:359.2,359.15 1 0
github.com/arzzra/soft_phone/pkg/media/audio_processor.go:363.72,365.24 2 0
github.com/arzzra/soft_phone/pkg/media/audio_processor.go:365.24,366.29 1 0
github.com/arzzra/soft_phone/pkg/media/audio_processor.go:366.29,368.4 1 0
github.com/arzzra/soft_phone/pkg/media/audio_processor.go:370.2,370.20 1 0
github.com/arzzra/soft_phone/pkg/media/audio_processor.go:374.72,376.35 2 0
github.com/arzzra/soft_phone/pkg/media/audio_processor.go:376.35,378.26 2 0
github.com/arzzra/soft_phone/pkg/media/audio_processor.go:378.26,380.4 1 0
github.com/arzzra/soft_phone/pkg/media/audio_processor.go:382.2,382.20 1 0
github.com/arzzra/soft_phone/pkg/media/audio_processor.go:386.71,391.2 1 0
github.com/arzzra/soft_phone/pkg/media/audio_processor.go:394.71,399.2 1 0
github.com/arzzra/soft_phone/pkg/media/audio_processor.go:402.53,403.21 1 0
github.com/arzzra/soft_phone/pkg/media/audio_processor.go:404.40,405.11 1 0
github.com/arzzra/soft_phone/pkg/media/audio_processor.go:406.23,407.11 1 0
github.com/arzzra/soft_phone/pkg/media/audio_processor.go:408.10,409.11 1 0
github.com/arzzra/soft_phone/pkg/media/dtmf.go:32.36,33.11 1 0
github.com/arzzra/soft_phone/pkg/media/dtmf.go:34.13,35.13 1 0
github.com/arzzra/soft_phone/pkg/media/dtmf.go:36.13,37.13 1 0
github.com/arzzra/soft_phone/pkg/media/dtmf.go:38.13,39.13 1 0
github.com/arzzra/soft_phone/pkg/media/dtmf.go:40.13,41.13 1 0
github.com/arzzra/soft_phone/pkg/media/dtmf.go:42.13,43.13 1 0
github.com/arzzra/soft_phone/pkg/media/dtmf.go:44.13,45.13 1 0
github.com/arzzra/soft_phone/pkg/media/dtmf.go:46.13,47.13 1 0
github.com/arzzra/soft_phone/pkg/media/dtmf.go:48.13,49.13 1 0
github.com/arzzra/soft_phone/pkg/media/dtmf.go:50.13,51.13 1 0
github.com/arzzra/soft_phone/pkg/media/dtmf.go:52.13,53.13 1 0
github.com/arzzra/soft_phone/pkg/media/dtmf.go:54.16,55.13 1 0
github.com/arzzra/soft_phone/pkg/media/dtmf.go:56.17,57.13 1 0
github.com/arzzra/soft_phone/pkg/media/dtmf.go:58.13,59.13 1 0
github.com/arzzra/soft_phone/pkg/media/dtmf.go:60.13,61.13 1 0
github.com/arzzra/soft_phone/pkg/media/dtmf.go:62.13,63.13 1 0
github.com/arzzra/soft_phone/pkg/media/dtmf.go:64.13,65.13 1 0
github.com/arzzra/soft_phone/pkg/media/dtmf.go:66.10,67.13 1 0
github.com/arzzra/soft_phone/pkg/media/dtmf.go:96.51,100.2 1 0
github.com/arzzra/soft_phone/pkg/media/dtmf.go:103.44,105.2 1 0
github.com/arzzra/soft_phone/pkg/media/dtmf.go:108.79,109.25 1 0
github.com/arzzra/soft_phone/pkg/media/dtmf.go:109.25,111.3 1 0
github.com/arzzra/soft_phone/pkg/media/dtmf.go:114.2,118.22 3 0
github.com/arzzra/soft_phone/pkg/media/dtmf.go:118.22,120.18 2 0
github.com/arzzra/soft_phone/pkg/media/dtmf.go:120.18,122.4 1 0
github.com/arzzra/soft_phone/pkg/media/dtmf.go:125.2,140.25 4 0
github.com/arzzra/soft_phone/pkg/media/dtmf.go:140.25,157.3 3 0
github.com/arzzra/soft_phone/pkg/media/dtmf.go:160.2,163.25 3 0
github.com/arzzra/soft_phone/pkg/media/dtmf.go:163.25,180.3 3 0
github.com/arzzra/soft_phone/pkg/media/dtmf.go:182.2,182.21 1 0
github.com/arzzra/soft_phone/pkg/media/dtmf.go:186.68,193.21 3 0
github.com/arzzra/soft_phone/pkg/media/dtmf.go:193.21,195.3 1 0
github.com/arzzra/soft_phone/pkg/media/dtmf.go:196.2,196.22 1 0
github.com/arzzra/soft_phone/pkg/media/dtmf.go:196.22,198.3 1 0
github.com/arzzra/soft_phone/pkg/media/dtmf.go:199.2,205.13 4 0
github.com/arzzra/soft_phone/pkg/media/dtmf.go:217.55,221.2 1 0
github.com/arzzra/soft_phone/pkg/media/dtmf.go:225.63,227.2 1 0
github.com/arzzra/soft_phone/pkg/media/dtmf.go:230.73,232.42 1 0
github.com/arzzra/soft_phone/pkg/media/dtmf.go:232.42,234.3 1 0
github.com/arzzra/soft_phone/pkg/media/dtmf.go:236.2,236.29 1 0
github.com/arzzra/soft_phone/pkg/media/dtmf.go:236.29,238.3 1 0
github.com/arzzra/soft_phone/pkg/media/dtmf.go:241.2,242.16 2 0
github.com/arzzra/soft_phone/pkg/media/dtmf.go:242.16,244.3 1 0
github.com/arzzra/soft_phone/pkg/media/dtmf.go:247.2,255.21 2 0
github.com/arzzra/soft_phone/pkg/media/dtmf.go:255.21,257.44 1 0
github.com/arzzra/soft_phone/pkg/media/dtmf.go:257.44,260.4 2 0
github.com/arzzra/soft_phone/pkg/media/dtmf.go:261.8,263.82 1 0
github.com/arzzra/soft_phone/pkg/media/dtmf.go:263.82,269.32 3 0
github.com/arzzra/soft_phone/pkg/media/dtmf.go:269.32,271.5 1 0
github.com/arzzra/soft_phone/pkg/media/dtmf.go:276.2,276.18 1 0
github.com/arzzra/soft_phone/pkg/media/dtmf.go:280.78,281.19 1 0
github.com/arzzra/soft_phone/pkg/media/dtmf.go:281.19,283.3 1 0
github.com/arzzra/soft_phone/pkg/media/dtmf.go:285.2,293.21 2 0
github.com/arzzra/soft_phone/pkg/media/dtmf.go:297.41,299.2 1 0
github.com/arzzra/soft_phone/pkg/media/dtmf.go:302.53,305.22 2 0
github.com/arzzra/soft_phone/pkg/media/dtmf.go:305.22,309.12 3 0
github.com/arzzra/soft_phone/pkg/media/dtmf.go:310.12,311.30 1 0
github.com/arzzra/soft_phone/pkg/media/dtmf.go:312.12,313.30 1 0
github.com/arzzra/soft_phone/pkg/media/dtmf.go:314.12,315.30 1 0
github.com/arzzra/soft_phone/pkg/media/dtmf.go:316.12,317.30 1 0
github.com/arzzra/soft_phone/pkg/media/dtmf.go:318.12,319.30 1 0
github.com/arzzra/soft_phone/pkg/media/dtmf.go:320.12,321.30 1 0
github.com/arzzra/soft_phone/pkg/media/dtmf.go:322.12,323.30 1 0
github.com/arzzra/soft_phone/pkg/media/dtmf.go:324.12,325.30 1 0
github.com/arzzra/soft_phone/pkg/media/dtmf.go:326.12,327.30 1 0
github.com/arzzra/soft_phone/pkg/media/dtmf.go:328.12,329.30 1 0
github.com/arzzra/soft_phone/pkg/media/dtmf.go:330.12,331.33 1 0
github.com/arzzra/soft_phone/pkg/media/dtmf.go:332.12,333.34 1 0
github.com/arzzra/soft_phone/pkg/media/dtmf.go:334.17,335.30 1 0
github.com/arzzra/soft_phone/pkg/media/dtmf.go:336.17,337.30 1 0
github.com/arzzra/soft_phone/pkg/media/dtmf.go:338.17,339.30 1 0
github.com/arzzra/soft_phone/pkg/media/dtmf.go:340.17,341.30 1 0
github.com/arzzra/soft_phone/pkg/media/dtmf.go:342.11,343.79 1 0
github.com/arzzra/soft_phone/pkg/media/dtmf.go:346.3,346.12 1 0
github.com/arzzra/soft_phone/pkg/media/dtmf.go:346.12,348.4 1 0
github.com/arzzra/soft_phone/pkg/media/dtmf.go:351.2,351.20 1 0
github.com/arzzra/soft_phone/pkg/media/error_handling_example.go:11.35,19.16 5 0
github.com/arzzra/soft_phone/pkg/media/error_handling_example.go:19.16,21.55 1 0
github.com/arzzra/soft_phone/pkg/media/error_handling_example.go:21.55,24.4 2 0
github.com/arzzra/soft_phone/pkg/media/error_handling_example.go:27.3,29.17 3 0
github.com/arzzra/soft_phone/pkg/media/error_handling_example.go:29.17,31.4 1 0
github.com/arzzra/soft_phone/pkg/media/error_handling_example.go:32.3,32.105 1 0
github.com/arzzra/soft_phone/pkg/media/error_handling_example.go:34.2,41.16 5 0
github.com/arzzra/soft_phone/pkg/media/error_handling_example.go:41.16,43.35 2 0
github.com/arzzra/soft_phone/pkg/media/error_handling_example.go:43.35,48.53 4 0
github.com/arzzra/soft_phone/pkg/media/error_handling_example.go:48.53,50.53 2 0
github.com/arzzra/soft_phone/pkg/media/error_handling_example.go:50.53,52.6 1 0
github.com/arzzra/soft_phone/pkg/media/error_handling_example.go:58.2,62.16 4 0
github.com/arzzra/soft_phone/pkg/media/error_handling_example.go:62.16,64.44 1 0
github.com/arzzra/soft_phone/pkg/media/error_handling_example.go:64.44,72.4 7 0
github.com/arzzra/soft_phone/pkg/media/error_handling_example.go:76.2,82.16 4 0
github.com/arzzra/soft_phone/pkg/media/error_handling_example.go:82.16,83.42 1 0
github.com/arzzra/soft_phone/pkg/media/error_handling_example.go:83.42,88.4 4 0
github.com/arzzra/soft_phone/pkg/media/error_handling_example.go:92.2,95.12 3 0
github.com/arzzra/soft_phone/pkg/media/error_handling_example.go:99.46,107.33 2 0
github.com/arzzra/soft_phone/pkg/media/error_handling_example.go:107.33,110.30 2 0
github.com/arzzra/soft_phone/pkg/media/error_handling_example.go:110.30,112.4 1 0
github.com/arzzra/soft_phone/pkg/media/error_handling_example.go:112.9,114.4 1 0
github.com/arzzra/soft_phone/pkg/media/error_handling_example.go:116.3,116.54 1 0
github.com/arzzra/soft_phone/pkg/media/error_handling_example.go:121.34,153.2 15 0
github.com/arzzra/soft_phone/pkg/media/error_handling_example.go:156.41,158.22 2 0
github.com/arzzra/soft_phone/pkg/media/error_handling_example.go:158.22,160.3 1 0
github.com/arzzra/soft_phone/pkg/media/error_handling_example.go:161.2,161.13 1 0
github.com/arzzra/soft_phone/pkg/media/error_handling_example.go:165.30,176.35 3 0
github.com/arzzra/soft_phone/pkg/media/error_handling_example.go:176.35,178.38 2 0
github.com/arzzra/soft_phone/pkg/media/error_handling_example.go:178.38,180.4 1 0
github.com/arzzra/soft_phone/pkg/media/error_handling_example.go:183.2,183.96 1 0
github.com/arzzra/soft_phone/pkg/media/errors.go:53.44,54.14 1 0
github.com/arzzra/soft_phone/pkg/media/errors.go:55.34,56.29 1 0
github.com/arzzra/soft_phone/pkg/media/errors.go:57.38,58.33 1 0
github.com/arzzra/soft_phone/pkg/media/errors.go:59.30,60.25 1 0
github.com/arzzra/soft_phone/pkg/media/errors.go:61.40,62.35 1 0
github.com/arzzra/soft_phone/pkg/media/errors.go:63.37,64.32 1 0
github.com/arzzra/soft_phone/pkg/media/errors.go:65.33,66.28 1 0
github.com/arzzra/soft_phone/pkg/media/errors.go:67.38,68.33 1 0
github.com/arzzra/soft_phone/pkg/media/errors.go:69.38,70.33 1 0
github.com/arzzra/soft_phone/pkg/media/errors.go:71.35,72.30 1 0
github.com/arzzra/soft_phone/pkg/media/errors.go:73.32,74.27 1 0
github.com/arzzra/soft_phone/pkg/media/errors.go:75.39,76.34 1 0
github.com/arzzra/soft_phone/pkg/media/errors.go:77.35,78.30 1 0
github.com/arzzra/soft_phone/pkg/media/errors.go:79.30,80.25 1 0
github.com/arzzra/soft_phone/pkg/media/errors.go:81.33,82.28 1 0
github.com/arzzra/soft_phone/pkg/media/errors.go:83.31,84.26 1 0
github.com/arzzra/soft_phone/pkg/media/errors.go:85.35,86.30 1 0
github.com/arzzra/soft_phone/pkg/media/errors.go:87.31,88.26 1 0
github.com/arzzra/soft_phone/pkg/media/errors.go:89.33,90.28 1 0
github.com/arzzra/soft_phone/pkg/media/errors.go:91.36,92.31 1 0
github.com/arzzra/soft_phone/pkg/media/errors.go:93.31,94.26 1 0
github.com/arzzra/soft_phone/pkg/media/errors.go:95.31,96.26 1 0
github.com/arzzra/soft_phone/pkg/media/errors.go:97.31,98.26 1 0
github.com/arzzra/soft_phone/pkg/media/errors.go:99.42,100.37 1 0
github.com/arzzra/soft_phone/pkg/media/errors.go:101.33,102.28 1 0
github.com/arzzra/soft_phone/pkg/media/errors.go:103.36,104.31 1 0
github.com/arzzra/soft_phone/pkg/media/errors.go:105.42,106.37 1 0
github.com/arzzra/soft_phone/pkg/media/errors.go:107.10,108.47 1 0
github.com/arzzra/soft_phone/pkg/media/errors.go:127.37,128.23 1 0
github.com/arzzra/soft_phone/pkg/media/errors.go:128.23,130.3 1 0
github.com/arzzra/soft_phone/pkg/media/errors.go:131.2,131.61 1 0
github.com/arzzra/soft_phone/pkg/media/errors.go:135.37,137.2 1 0
github.com/arzzra/soft_phone/pkg/media/errors.go:140.44,141.39 1 0
github.com/arzzra/soft_phone/pkg/media/errors.go:141.39,143.3 1 0
github.com/arzzra/soft_phone/pkg/media/errors.go:144.2,144.14 1 0
github.com/arzzra/soft_phone/pkg/media/errors.go:148.57,149.22 1 0
github.com/arzzra/soft_phone/pkg/media/errors.go:149.22,151.3 1 0
github.com/arzzra/soft_phone/pkg/media/errors.go:152.2,152.23 1 0
github.com/arzzra/soft_phone/pkg/media/errors.go:165.175,185.2 1 0
github.com/arzzra/soft_phone/pkg/media/errors.go:194.119,208.2 1 0
github.com/arzzra/soft_phone/pkg/media/errors.go:219.136,237.2 1 0
github.com/arzzra/soft_phone/pkg/media/errors.go:248.173,266.2 1 0
github.com/arzzra/soft_phone/pkg/media/errors.go:269.92,276.2 1 0
github.com/arzzra/soft_phone/pkg/media/errors.go:279.56,281.34 2 0
github.com/arzzra/soft_phone/pkg/media/errors.go:281.34,283.3 1 0
github.com/arzzra/soft_phone/pkg/media/errors.go:284.2,284.14 1 0
github.com/arzzra/soft_phone/pkg/media/errors.go:288.56,289.16 1 0
github.com/arzzra/soft_phone/pkg/media/errors.go:289.16,291.3 1 0
github.com/arzzra/soft_phone/pkg/media/errors.go:294.2,294.43 1 0
github.com/arzzra/soft_phone/pkg/media/errors.go:294.43,297.3 2 0
github.com/arzzra/soft_phone/pkg/media/errors.go:300.2,300.43 1 0
github.com/arzzra/soft_phone/pkg/media/errors.go:300.43,303.3 2 0
github.com/arzzra/soft_phone/pkg/media/errors.go:304.2,304.41 1 0
github.com/arzzra/soft_phone/pkg/media/errors.go:304.41,307.3 2 0
github.com/arzzra/soft_phone/pkg/media/errors.go:308.2,308.39 1 0
github.com/arzzra/soft_phone/pkg/media/errors.go:308.39,311.3 2 0
github.com/arzzra/soft_phone/pkg/media/errors.go:312.2,312.47 1 0
github.com/arzzra/soft_phone/pkg/media/errors.go:312.47,315.3 2 0
github.com/arzzra/soft_phone/pkg/media/errors.go:317.2,317.14 1 0
github.com/arzzra/soft_phone/pkg/media/errors.go:321.43,323.35 2 0
github.com/arzzra/soft_phone/pkg/media/errors.go:323.35,325.3 1 0
github.com/arzzra/soft_phone/pkg/media/errors.go:327.2,327.23 1 0
github.com/arzzra/soft_phone/pkg/media/errors.go:328.33,329.136 1 0
github.com/arzzra/soft_phone/pkg/media/errors.go:330.31,331.104 1 0
github.com/arzzra/soft_phone/pkg/media/errors.go:332.34,333.87 1 0
github.com/arzzra/soft_phone/pkg/media/errors.go:334.35,335.110 1 0
github.com/arzzra/soft_phone/pkg/media/errors.go:336.33,337.134 1 0
github.com/arzzra/soft_phone/pkg/media/errors.go:338.31,339.93 1 0
github.com/arzzra/soft_phone/pkg/media/errors.go:340.10,341.103 1 0
github.com/arzzra/soft_phone/pkg/media/errors.go:346.41,348.35 2 0
github.com/arzzra/soft_phone/pkg/media/errors.go:348.35,350.3 1 0
github.com/arzzra/soft_phone/pkg/media/errors.go:352.2,359.40 2 0
github.com/arzzra/soft_phone/pkg/media/errors.go:359.40,360.28 1 0
github.com/arzzra/soft_phone/pkg/media/errors.go:360.28,362.4 1 0
github.com/arzzra/soft_phone/pkg/media/errors.go:364.2,364.14 1 0
github.com/arzzra/soft_phone/pkg/media/errors_examples.go:11.37,96.33 24 0
github.com/arzzra/soft_phone/pkg/media/errors_examples.go:96.33,100.35 3 0
github.com/arzzra/soft_phone/pkg/media/errors_examples.go:100.35,103.4 2 0
github.com/arzzra/soft_phone/pkg/media/errors_examples.go:106.3,106.37 1 0
github.com/arzzra/soft_phone/pkg/media/errors_examples.go:106.37,108.4 1 0
github.com/arzzra/soft_phone/pkg/media/errors_examples.go:108.9,108.43 1 0
github.com/arzzra/soft_phone/pkg/media/errors_examples.go:108.43,110.4 1 0
github.com/arzzra/soft_phone/pkg/media/errors_examples.go:110.9,110.42 1 0
github.com/arzzra/soft_phone/pkg/media/errors_examples.go:110.42,112.4 1 0
github.com/arzzra/soft_phone/pkg/media/errors_examples.go:112.9,112.51 1 0
github.com/arzzra/soft_phone/pkg/media/errors_examples.go:112.51,114.4 1 0
github.com/arzzra/soft_phone/pkg/media/errors_examples.go:114.9,116.4 1 0
github.com/arzzra/soft_phone/pkg/media/errors_examples.go:119.2,122.51 2 0
github.com/arzzra/soft_phone/pkg/media/errors_examples.go:122.51,124.3 1 0
github.com/arzzra/soft_phone/pkg/media/errors_examples.go:126.2,126.54 1 0
github.com/arzzra/soft_phone/pkg/media/errors_examples.go:126.54,128.3 1 0
github.com/arzzra/soft_phone/pkg/media/errors_examples.go:128.8,130.3 1 0
github.com/arzzra/soft_phone/pkg/media/errors_examples.go:132.2,140.58 6 0
github.com/arzzra/soft_phone/pkg/media/errors_examples.go:140.58,142.3 1 0
github.com/arzzra/soft_phone/pkg/media/errors_examples.go:143.2,143.65 1 0
github.com/arzzra/soft_phone/pkg/media/errors_examples.go:143.65,145.3 1 0
github.com/arzzra/soft_phone/pkg/media/errors_examples.go:146.2,146.70 1 0
github.com/arzzra/soft_phone/pkg/media/errors_examples.go:146.70,148.3 1 0
github.com/arzzra/soft_phone/pkg/media/errors_examples.go:152.42,160.75 4 0
github.com/arzzra/soft_phone/pkg/media/errors_examples.go:160.75,162.53 2 0
github.com/arzzra/soft_phone/pkg/media/errors_examples.go:162.53,164.4 1 0
github.com/arzzra/soft_phone/pkg/media/errors_examples.go:168.2,169.65 2 0
github.com/arzzra/soft_phone/pkg/media/errors_examples.go:169.65,171.52 2 0
github.com/arzzra/soft_phone/pkg/media/errors_examples.go:171.52,173.4 1 0
github.com/arzzra/soft_phone/pkg/media/errors_examples.go:177.2,178.60 2 0
github.com/arzzra/soft_phone/pkg/media/errors_examples.go:178.60,180.44 2 0
github.com/arzzra/soft_phone/pkg/media/errors_examples.go:180.44,183.4 1 0
github.com/arzzra/soft_phone/pkg/media/errors_examples.go:187.2,188.53 2 0
github.com/arzzra/soft_phone/pkg/media/errors_examples.go:188.53,190.42 2 0
github.com/arzzra/soft_phone/pkg/media/errors_examples.go:190.42,193.4 1 0
github.com/arzzra/soft_phone/pkg/media/errors_examples.go:197.2,198.52 2 0
github.com/arzzra/soft_phone/pkg/media/errors_examples.go:198.52,200.40 2 0
github.com/arzzra/soft_phone/pkg/media/errors_examples.go:200.40,203.4 1 0
github.com/arzzra/soft_phone/pkg/media/errors_examples.go:207.2,217.29 4 0
github.com/arzzra/soft_phone/pkg/media/errors_examples.go:217.29,218.17 1 0
github.com/arzzra/soft_phone/pkg/media/errors_examples.go:218.17,219.45 1 0
github.com/arzzra/soft_phone/pkg/media/errors_examples.go:219.45,221.5 1 0
github.com/arzzra/soft_phone/pkg/media/errors_examples.go:225.2,226.38 2 0
github.com/arzzra/soft_phone/pkg/media/errors_examples.go:226.38,228.3 1 0
github.com/arzzra/soft_phone/pkg/media/errors_examples.go:230.2,230.12 1 0
github.com/arzzra/soft_phone/pkg/media/errors_examples.go:235.71,236.64 1 0
github.com/arzzra/soft_phone/pkg/media/errors_examples.go:236.64,247.3 1 0
github.com/arzzra/soft_phone/pkg/media/errors_examples.go:248.2,248.12 1 0
github.com/arzzra/soft_phone/pkg/media/errors_examples.go:251.60,261.2 1 0
github.com/arzzra/soft_phone/pkg/media/errors_examples.go:263.55,274.2 1 0
github.com/arzzra/soft_phone/pkg/media/errors_examples.go:276.48,284.2 1 0
github.com/arzzra/soft_phone/pkg/media/errors_examples.go:286.47,294.2 2 0
github.com/arzzra/soft_phone/pkg/media/errors_examples.go:297.29,315.33 4 0
github.com/arzzra/soft_phone/pkg/media/errors_examples.go:315.33,321.35 4 0
github.com/arzzra/soft_phone/pkg/media/errors_examples.go:321.35,325.4 3 0
github.com/arzzra/soft_phone/pkg/media/errors_examples.go:330.25,335.47 3 0
github.com/arzzra/soft_phone/pkg/media/errors_examples.go:335.47,337.3 1 0
github.com/arzzra/soft_phone/pkg/media/errors_examples.go:339.2,339.54 1 0
github.com/arzzra/soft_phone/pkg/media/errors_examples.go:339.54,341.3 1 0
github.com/arzzra/soft_phone/pkg/media/errors_examples.go:343.2,353.91 10 0
github.com/arzzra/soft_phone/pkg/media/example_rtcp.go:11.31,21.16 7 0
github.com/arzzra/soft_phone/pkg/media/example_rtcp.go:21.16,23.3 1 0
github.com/arzzra/soft_phone/pkg/media/example_rtcp.go:26.2,26.34 1 0
github.com/arzzra/soft_phone/pkg/media/example_rtcp.go:26.34,28.3 1 0
github.com/arzzra/soft_phone/pkg/media/example_rtcp.go:31.2,31.45 1 0
github.com/arzzra/soft_phone/pkg/media/example_rtcp.go:31.45,33.3 1 0
github.com/arzzra/soft_phone/pkg/media/example_rtcp.go:40.2,43.44 2 0
github.com/arzzra/soft_phone/pkg/media/example_rtcp.go:43.44,45.3 1 0
github.com/arzzra/soft_phone/pkg/media/example_rtcp.go:47.2,47.12 1 0
github.com/arzzra/soft_phone/pkg/media/example_rtcp.go:51.42,56.26 2 0
github.com/arzzra/soft_phone/pkg/media/example_rtcp.go:57.11,58.50 1 0
github.com/arzzra/soft_phone/pkg/media/example_rtcp.go:59.11,60.52 1 0
github.com/arzzra/soft_phone/pkg/media/example_rtcp.go:61.11,62.55 1 0
github.com/arzzra/soft_phone/pkg/media/example_rtcp.go:63.11,64.55 1 0
github.com/arzzra/soft_phone/pkg/media/example_rtcp.go:65.10,66.92 1 0
github.com/arzzra/soft_phone/pkg/media/example_rtcp.go:71.43,84.26 9 0
github.com/arzzra/soft_phone/pkg/media/example_rtcp.go:84.26,86.47 2 0
github.com/arzzra/soft_phone/pkg/media/example_rtcp.go:86.47,88.62 2 0
github.com/arzzra/soft_phone/pkg/media/example_rtcp.go:88.62,89.38 1 0
github.com/arzzra/soft_phone/pkg/media/example_rtcp.go:89.38,92.6 1 0
github.com/arzzra/soft_phone/pkg/media/example_rtcp.go:95.8,97.3 1 0
github.com/arzzra/soft_phone/pkg/media/example_rtcp.go:100.2,101.44 2 0
github.com/arzzra/soft_phone/pkg/media/example_rtcp.go:101.44,103.3 1 0
github.com/arzzra/soft_phone/pkg/media/example_rtcp.go:103.8,105.3 1 0
github.com/arzzra/soft_phone/pkg/media/example_rtcp.go:108.2,109.45 2 0
github.com/arzzra/soft_phone/pkg/media/example_rtcp.go:109.45,111.3 1 0
github.com/arzzra/soft_phone/pkg/media/example_rtcp.go:111.8,113.3 1 0
github.com/arzzra/soft_phone/pkg/media/example_rtcp.go:116.2,120.44 3 0
github.com/arzzra/soft_phone/pkg/media/example_rtcp.go:120.44,122.3 1 0
github.com/arzzra/soft_phone/pkg/media/example_rtcp.go:122.8,124.3 1 0
github.com/arzzra/soft_phone/pkg/media/example_rtcp.go:127.2,130.44 2 0
github.com/arzzra/soft_phone/pkg/media/example_rtcp.go:130.44,133.3 1 0
github.com/arzzra/soft_phone/pkg/media/example_rtcp.go:135.2,139.79 3 0
github.com/arzzra/soft_phone/pkg/media/example_rtcp.go:143.33,158.49 9 0
github.com/arzzra/soft_phone/pkg/media/example_rtcp.go:158.49,160.3 1 0
github.com/arzzra/soft_phone/pkg/media/example_rtcp.go:162.2,171.114 7 0
github.com/arzzra/soft_phone/pkg/media/example_rtcp.go:175.50,177.16 2 0
github.com/arzzra/soft_phone/pkg/media/example_rtcp.go:177.16,180.3 2 0
github.com/arzzra/soft_phone/pkg/media/example_rtcp.go:182.2,188.26 5 0
github.com/arzzra/soft_phone/pkg/media/example_rtcp.go:189.11,190.60 1 0
github.com/arzzra/soft_phone/pkg/media/example_rtcp.go:191.11,192.62 1 0
github.com/arzzra/soft_phone/pkg/media/example_rtcp.go:197.31,205.48 6 0
github.com/arzzra/soft_phone/pkg/media/example_rtcp.go:205.48,207.3 1 0
github.com/arzzra/soft_phone/pkg/media/example_rtcp.go:209.2,210.16 2 0
github.com/arzzra/soft_phone/pkg/media/example_rtcp.go:210.16,213.3 2 0
github.com/arzzra/soft_phone/pkg/media/example_rtcp.go:219.2,221.64 3 0
github.com/arzzra/soft_phone/pkg/media/example_softphone.go:17.39,26.117 5 0
github.com/arzzra/soft_phone/pkg/media/example_softphone.go:26.117,29.3 1 0
github.com/arzzra/soft_phone/pkg/media/example_softphone.go:31.2,31.69 1 0
github.com/arzzra/soft_phone/pkg/media/example_softphone.go:31.69,34.3 1 0
github.com/arzzra/soft_phone/pkg/media/example_softphone.go:36.2,36.61 1 0
github.com/arzzra/soft_phone/pkg/media/example_softphone.go:36.61,38.3 1 0
github.com/arzzra/soft_phone/pkg/media/example_softphone.go:41.2,42.16 2 0
github.com/arzzra/soft_phone/pkg/media/example_softphone.go:42.16,44.3 1 0
github.com/arzzra/soft_phone/pkg/media/example_softphone.go:45.2,48.40 2 0
github.com/arzzra/soft_phone/pkg/media/example_softphone.go:48.40,50.3 1 0
github.com/arzzra/soft_phone/pkg/media/example_softphone.go:52.2,57.25 3 0
github.com/arzzra/soft_phone/pkg/media/example_softphone.go:57.25,58.54 1 0
github.com/arzzra/soft_phone/pkg/media/example_softphone.go:58.54,60.4 1 0
github.com/arzzra/soft_phone/pkg/media/example_softphone.go:60.9,62.4 1 0
github.com/arzzra/soft_phone/pkg/media/example_softphone.go:63.3,63.36 1 0
github.com/arzzra/soft_phone/pkg/media/example_softphone.go:67.2,68.31 2 0
github.com/arzzra/soft_phone/pkg/media/example_softphone.go:68.31,69.70 1 0
github.com/arzzra/soft_phone/pkg/media/example_softphone.go:69.70,71.4 1 0
github.com/arzzra/soft_phone/pkg/media/example_softphone.go:71.9,73.4 1 0
github.com/arzzra/soft_phone/pkg/media/example_softphone.go:74.3,74.37 1 0
github.com/arzzra/soft_phone/pkg/media/example_softphone.go:78.2,85.12 7 0
github.com/arzzra/soft_phone/pkg/media/example_softphone.go:89.37,97.16 6 0
github.com/arzzra/soft_phone/pkg/media/example_softphone.go:97.16,99.3 1 0
github.com/arzzra/soft_phone/pkg/media/example_softphone.go:100.2,102.40 2 0
github.com/arzzra/soft_phone/pkg/media/example_softphone.go:102.40,104.3 1 0
github.com/arzzra/soft_phone/pkg/media/example_softphone.go:107.2,110.16 4 0
github.com/arzzra/soft_phone/pkg/media/example_softphone.go:110.16,112.3 1 0
github.com/arzzra/soft_phone/pkg/media/example_softphone.go:112.8,114.3 1 0
github.com/arzzra/soft_phone/pkg/media/example_softphone.go:117.2,127.16 4 0
github.com/arzzra/soft_phone/pkg/media/example_softphone.go:127.16,129.3 1 0
github.com/arzzra/soft_phone/pkg/media/example_softphone.go:131.2,132.16 2 0
github.com/arzzra/soft_phone/pkg/media/example_softphone.go:132.16,134.3 1 0
github.com/arzzra/soft_phone/pkg/media/example_softphone.go:134.8,136.3 1 0
github.com/arzzra/soft_phone/pkg/media/example_softphone.go:139.2,141.16 3 0
github.com/arzzra/soft_phone/pkg/media/example_softphone.go:141.16,143.3 1 0
github.com/arzzra/soft_phone/pkg/media/example_softphone.go:143.8,145.3 1 0
github.com/arzzra/soft_phone/pkg/media/example_softphone.go:148.2,150.16 3 0
github.com/arzzra/soft_phone/pkg/media/example_softphone.go:150.16,152.3 1 0
github.com/arzzra/soft_phone/pkg/media/example_softphone.go:152.8,154.3 1 0
github.com/arzzra/soft_phone/pkg/media/example_softphone.go:157.2,164.31 3 0
github.com/arzzra/soft_phone/pkg/media/example_softphone.go:164.31,176.17 8 0
github.com/arzzra/soft_phone/pkg/media/example_softphone.go:176.17,178.4 1 0
github.com/arzzra/soft_phone/pkg/media/example_softphone.go:178.9,180.4 1 0
github.com/arzzra/soft_phone/pkg/media/example_softphone.go:184.2,197.25 8 0
github.com/arzzra/soft_phone/pkg/media/example_softphone.go:197.25,200.17 3 0
github.com/arzzra/soft_phone/pkg/media/example_softphone.go:200.17,202.4 1 0
github.com/arzzra/soft_phone/pkg/media/example_softphone.go:204.3,207.35 3 0
github.com/arzzra/soft_phone/pkg/media/example_softphone.go:211.2,217.12 5 0
github.com/arzzra/soft_phone/pkg/media/example_softphone.go:221.39,232.117 6 0
github.com/arzzra/soft_phone/pkg/media/example_softphone.go:232.117,236.3 2 0
github.com/arzzra/soft_phone/pkg/media/example_softphone.go:238.2,239.16 2 0
github.com/arzzra/soft_phone/pkg/media/example_softphone.go:239.16,241.3 1 0
github.com/arzzra/soft_phone/pkg/media/example_softphone.go:242.2,244.40 2 0
github.com/arzzra/soft_phone/pkg/media/example_softphone.go:244.40,246.3 1 0
github.com/arzzra/soft_phone/pkg/media/example_softphone.go:249.2,262.76 7 0
github.com/arzzra/soft_phone/pkg/media/example_softphone.go:262.76,270.3 2 0
github.com/arzzra/soft_phone/pkg/media/example_softphone.go:272.2,276.25 3 0
github.com/arzzra/soft_phone/pkg/media/example_softphone.go:276.25,280.3 2 0
github.com/arzzra/soft_phone/pkg/media/example_softphone.go:283.2,306.80 14 0
github.com/arzzra/soft_phone/pkg/media/example_softphone.go:306.80,309.3 1 0
github.com/arzzra/soft_phone/pkg/media/example_softphone.go:311.2,312.16 2 0
github.com/arzzra/soft_phone/pkg/media/example_softphone.go:312.16,314.3 1 0
github.com/arzzra/soft_phone/pkg/media/example_softphone.go:315.2,315.15 1 0
github.com/arzzra/soft_phone/pkg/media/example_softphone.go:315.15,315.40 1 0
github.com/arzzra/soft_phone/pkg/media/example_softphone.go:317.2,317.43 1 0
github.com/arzzra/soft_phone/pkg/media/example_softphone.go:317.43,319.3 1 0
github.com/arzzra/soft_phone/pkg/media/example_softphone.go:321.2,326.12 4 0
github.com/arzzra/soft_phone/pkg/media/example_softphone.go:330.79,344.2 1 0
github.com/arzzra/soft_phone/pkg/media/example_softphone.go:347.41,357.16 8 0
github.com/arzzra/soft_phone/pkg/media/example_softphone.go:357.16,359.3 1 0
github.com/arzzra/soft_phone/pkg/media/example_softphone.go:360.2,366.58 3 0
github.com/arzzra/soft_phone/pkg/media/example_softphone.go:366.58,368.3 1 0
github.com/arzzra/soft_phone/pkg/media/example_softphone.go:369.2,372.57 2 0
github.com/arzzra/soft_phone/pkg/media/example_softphone.go:372.57,374.3 1 0
github.com/arzzra/soft_phone/pkg/media/example_softphone.go:375.2,377.12 2 0
github.com/arzzra/soft_phone/pkg/media/example_softphone.go:381.37,395.38 3 0
github.com/arzzra/soft_phone/pkg/media/example_softphone.go:395.38,402.17 5 0
github.com/arzzra/soft_phone/pkg/media/example_softphone.go:402.17,404.4 1 0
github.com/arzzra/soft_phone/pkg/media/example_softphone.go:405.3,417.19 4 0
github.com/arzzra/soft_phone/pkg/media/example_softphone.go:417.19,420.18 3 0
github.com/arzzra/soft_phone/pkg/media/example_softphone.go:420.18,422.5 1 0
github.com/arzzra/soft_phone/pkg/media/example_softphone.go:423.9,426.18 3 0
github.com/arzzra/soft_phone/pkg/media/example_softphone.go:426.18,428.5 1 0
github.com/arzzra/soft_phone/pkg/media/example_softphone.go:432.3,432.22 1 0
github.com/arzzra/soft_phone/pkg/media/example_softphone.go:432.22,434.4 1 0
github.com/arzzra/soft_phone/pkg/media/example_softphone.go:434.9,436.4 1 0
github.com/arzzra/soft_phone/pkg/media/example_softphone.go:439.2,439.12 1 0
github.com/arzzra/soft_phone/pkg/media/example_softphone.go:443.40,460.16 13 0
github.com/arzzra/soft_phone/pkg/media/example_softphone.go:460.16,462.3 1 0
github.com/arzzra/soft_phone/pkg/media/example_softphone.go:463.2,473.31 3 0
github.com/arzzra/soft_phone/pkg/media/example_softphone.go:473.31,474.49 1 0
github.com/arzzra/soft_phone/pkg/media/example_softphone.go:474.49,476.12 2 0
github.com/arzzra/soft_phone/pkg/media/example_softphone.go:479.3,488.37 6 0
github.com/arzzra/soft_phone/pkg/media/example_softphone.go:491.2,491.12 1 0
github.com/arzzra/soft_phone/pkg/media/example_softphone.go:495.34,504.69 6 0
github.com/arzzra/soft_phone/pkg/media/example_softphone.go:504.69,508.3 2 0
github.com/arzzra/soft_phone/pkg/media/example_softphone.go:510.2,511.16 2 0
github.com/arzzra/soft_phone/pkg/media/example_softphone.go:511.16,513.3 1 0
github.com/arzzra/soft_phone/pkg/media/example_softphone.go:514.2,516.40 2 0
github.com/arzzra/soft_phone/pkg/media/example_softphone.go:516.40,518.3 1 0
github.com/arzzra/soft_phone/pkg/media/example_softphone.go:521.2,523.16 3 0
github.com/arzzra/soft_phone/pkg/media/example_softphone.go:523.16,525.3 1 0
github.com/arzzra/soft_phone/pkg/media/example_softphone.go:527.2,528.31 2 0
github.com/arzzra/soft_phone/pkg/media/example_softphone.go:528.31,530.3 1 0
github.com/arzzra/soft_phone/pkg/media/example_softphone.go:533.2,534.31 2 0
github.com/arzzra/soft_phone/pkg/media/example_softphone.go:534.31,537.59 2 0
github.com/arzzra/soft_phone/pkg/media/example_softphone.go:537.59,539.4 1 0
github.com/arzzra/soft_phone/pkg/media/example_softphone.go:539.9,541.4 1 0
github.com/arzzra/soft_phone/pkg/media/example_softphone.go:543.3,543.37 1 0
github.com/arzzra/soft_phone/pkg/media/example_softphone.go:547.2,552.12 5 0
github.com/arzzra/soft_phone/pkg/media/example_softphone.go:556.34,573.31 3 0
github.com/arzzra/soft_phone/pkg/media/example_softphone.go:573.31,581.17 6 0
github.com/arzzra/soft_phone/pkg/media/example_softphone.go:581.17,583.12 2 0
github.com/arzzra/soft_phone/pkg/media/example_softphone.go:586.3,598.23 9 0
github.com/arzzra/soft_phone/pkg/media/example_softphone.go:598.23,605.4 3 0
github.com/arzzra/soft_phone/pkg/media/example_softphone.go:607.3,607.17 1 0
github.com/arzzra/soft_phone/pkg/media/example_softphone.go:610.2,610.12 1 0
github.com/arzzra/soft_phone/pkg/media/example_softphone.go:614.41,621.16 5 0
github.com/arzzra/soft_phone/pkg/media/example_softphone.go:621.16,623.3 1 0
github.com/arzzra/soft_phone/pkg/media/example_softphone.go:624.2,634.43 3 0
github.com/arzzra/soft_phone/pkg/media/example_softphone.go:634.43,635.76 1 0
github.com/arzzra/soft_phone/pkg/media/example_softphone.go:635.76,637.4 1 0
github.com/arzzra/soft_phone/pkg/media/example_softphone.go:637.9,639.4 1 0
github.com/arzzra/soft_phone/pkg/media/example_softphone.go:643.2,646.65 2 0
github.com/arzzra/soft_phone/pkg/media/example_softphone.go:646.65,648.3 1 0
github.com/arzzra/soft_phone/pkg/media/example_softphone.go:648.8,650.3 1 0
github.com/arzzra/soft_phone/pkg/media/example_softphone.go:653.2,655.12 2 0
github.com/arzzra/soft_phone/pkg/media/example_softphone.go:667.40,670.2 2 0
github.com/arzzra/soft_phone/pkg/media/example_softphone.go:672.39,675.2 2 0
github.com/arzzra/soft_phone/pkg/media/example_softphone.go:677.76,678.15 1 0
github.com/arzzra/soft_phone/pkg/media/example_softphone.go:678.15,680.3 1 0
github.com/arzzra/soft_phone/pkg/media/example_softphone.go:682.2,682.12 1 0
github.com/arzzra/soft_phone/pkg/media/example_softphone.go:685.63,686.15 1 0
github.com/arzzra/soft_phone/pkg/media/example_softphone.go:686.15,688.3 1 0
github.com/arzzra/soft_phone/pkg/media/example_softphone.go:690.2,690.12 1 0
github.com/arzzra/soft_phone/pkg/media/example_softphone.go:693.41,694.14 1 0
github.com/arzzra/soft_phone/pkg/media/example_softphone.go:694.14,696.3 1 0
github.com/arzzra/soft_phone/pkg/media/example_softphone.go:697.2,697.10 1 0
github.com/arzzra/soft_phone/pkg/media/example_softphone.go:700.43,702.2 1 0
github.com/arzzra/soft_phone/pkg/media/example_softphone.go:704.54,709.2 1 0
github.com/arzzra/soft_phone/pkg/media/example_softphone.go:712.57,715.2 1 0
github.com/arzzra/soft_phone/pkg/media/example_softphone.go:717.47,720.2 1 0
github.com/arzzra/soft_phone/pkg/media/example_softphone.go:722.58,732.2 1 0
github.com/arzzra/soft_phone/pkg/media/example_softphone.go:734.49,735.15 1 0
github.com/arzzra/soft_phone/pkg/media/example_softphone.go:735.15,737.3 1 0
github.com/arzzra/soft_phone/pkg/media/example_softphone.go:739.2,739.12 1 0
github.com/arzzra/soft_phone/pkg/media/example_softphone.go:743.88,745.2 0 0
github.com/arzzra/soft_phone/pkg/media/example_softphone.go:748.73,752.2 3 0
github.com/arzzra/soft_phone/pkg/media/example_softphone.go:755.58,756.31 1 0
github.com/arzzra/soft_phone/pkg/media/example_softphone.go:756.31,758.3 1 0
github.com/arzzra/soft_phone/pkg/media/example_softphone.go:758.8,758.22 1 0
github.com/arzzra/soft_phone/pkg/media/example_softphone.go:758.22,760.3 1 0
github.com/arzzra/soft_phone/pkg/media/example_softphone.go:760.8,760.25 1 0
github.com/arzzra/soft_phone/pkg/media/example_softphone.go:760.25,762.3 1 0
github.com/arzzra/soft_phone/pkg/media/example_softphone.go:763.2,763.33 1 0
github.com/arzzra/soft_phone/pkg/media/example_softphone.go:767.41,769.2 1 0
github.com/arzzra/soft_phone/pkg/media/example_softphone.go:772.44,774.2 1 0
github.com/arzzra/soft_phone/pkg/media/example_softphone.go:777.53,779.22 2 0
github.com/arzzra/soft_phone/pkg/media/example_softphone.go:779.22,782.3 1 0
github.com/arzzra/soft_phone/pkg/media/example_softphone.go:783.2,783.13 1 0
github.com/arzzra/soft_phone/pkg/media/example_softphone.go:787.23,807.35 4 0
github.com/arzzra/soft_phone/pkg/media/example_softphone.go:807.35,809.38 2 0
github.com/arzzra/soft_phone/pkg/media/example_softphone.go:809.38,811.4 1 0
github.com/arzzra/soft_phone/pkg/media/example_softphone.go:812.3,812.37 1 0
github.com/arzzra/soft_phone/pkg/media/example_softphone.go:815.2,815.64 1 0
github.com/arzzra/soft_phone/pkg/media/jitter_buffer.go:78.41,78.58 1 0
github.com/arzzra/soft_phone/pkg/media/jitter_buffer.go:79.41,79.97 1 0
github.com/arzzra/soft_phone/pkg/media/jitter_buffer.go:80.36,84.2 3 0
github.com/arzzra/soft_phone/pkg/media/jitter_buffer.go:86.42,91.2 4 0
github.com/arzzra/soft_phone/pkg/media/jitter_buffer.go:93.40,101.2 7 0
github.com/arzzra/soft_phone/pkg/media/jitter_buffer.go:105.72,106.28 1 0
github.com/arzzra/soft_phone/pkg/media/jitter_buffer.go:106.28,108.3 1 0
github.com/arzzra/soft_phone/pkg/media/jitter_buffer.go:110.2,110.30 1 0
github.com/arzzra/soft_phone/pkg/media/jitter_buffer.go:110.30,112.3 1 0
github.com/arzzra/soft_phone/pkg/media/jitter_buffer.go:114.2,114.28 1 0
github.com/arzzra/soft_phone/pkg/media/jitter_buffer.go:114.28,116.3 1 0
github.com/arzzra/soft_phone/pkg/media/jitter_buffer.go:119.2,119.26 1 0
github.com/arzzra/soft_phone/pkg/media/jitter_buffer.go:119.26,121.3 1 0
github.com/arzzra/soft_phone/pkg/media/jitter_buffer.go:123.2,140.16 4 0
github.com/arzzra/soft_phone/pkg/media/jitter_buffer.go:144.51,148.2 3 0
github.com/arzzra/soft_phone/pkg/media/jitter_buffer.go:151.55,153.2 1 0
github.com/arzzra/soft_phone/pkg/media/jitter_buffer.go:156.89,160.16 3 0
github.com/arzzra/soft_phone/pkg/media/jitter_buffer.go:160.16,162.3 1 0
github.com/arzzra/soft_phone/pkg/media/jitter_buffer.go:164.2,167.29 2 0
github.com/arzzra/soft_phone/pkg/media/jitter_buffer.go:167.29,172.3 4 0
github.com/arzzra/soft_phone/pkg/media/jitter_buffer.go:174.2,178.42 3 0
github.com/arzzra/soft_phone/pkg/media/jitter_buffer.go:178.42,180.53 1 0
github.com/arzzra/soft_phone/pkg/media/jitter_buffer.go:180.53,184.4 2 0
github.com/arzzra/soft_phone/pkg/media/jitter_buffer.go:184.9,187.4 1 0
github.com/arzzra/soft_phone/pkg/media/jitter_buffer.go:190.2,209.35 7 0
github.com/arzzra/soft_phone/pkg/media/jitter_buffer.go:209.35,214.3 3 0
github.com/arzzra/soft_phone/pkg/media/jitter_buffer.go:216.2,222.12 4 0
github.com/arzzra/soft_phone/pkg/media/jitter_buffer.go:226.51,227.9 1 0
github.com/arzzra/soft_phone/pkg/media/jitter_buffer.go:228.33,229.22 1 0
github.com/arzzra/soft_phone/pkg/media/jitter_buffer.go:230.10,231.20 1 0
github.com/arzzra/soft_phone/pkg/media/jitter_buffer.go:236.60,237.9 1 0
github.com/arzzra/soft_phone/pkg/media/jitter_buffer.go:238.33,239.21 1 0
github.com/arzzra/soft_phone/pkg/media/jitter_buffer.go:240.21,241.63 1 0
github.com/arzzra/soft_phone/pkg/media/jitter_buffer.go:246.72,247.9 1 0
github.com/arzzra/soft_phone/pkg/media/jitter_buffer.go:248.47,249.62 1 0
github.com/arzzra/soft_phone/pkg/media/jitter_buffer.go:250.10,251.24 1 0
github.com/arzzra/soft_phone/pkg/media/jitter_buffer.go:256.81,257.9 1 0
github.com/arzzra/soft_phone/pkg/media/jitter_buffer.go:258.47,259.61 1 0
github.com/arzzra/soft_phone/pkg/media/jitter_buffer.go:260.21,261.67 1 0
github.com/arzzra/soft_phone/pkg/media/jitter_buffer.go:266.32,270.17 3 0
github.com/arzzra/soft_phone/pkg/media/jitter_buffer.go:270.17,275.3 4 0
github.com/arzzra/soft_phone/pkg/media/jitter_buffer.go:279.64,288.28 7 0
github.com/arzzra/soft_phone/pkg/media/jitter_buffer.go:288.28,290.3 1 0
github.com/arzzra/soft_phone/pkg/media/jitter_buffer.go:292.2,301.3 1 0
github.com/arzzra/soft_phone/pkg/media/jitter_buffer.go:317.40,321.6 3 0
github.com/arzzra/soft_phone/pkg/media/jitter_buffer.go:321.6,322.10 1 0
github.com/arzzra/soft_phone/pkg/media/jitter_buffer.go:323.22,324.10 1 0
github.com/arzzra/soft_phone/pkg/media/jitter_buffer.go:325.19,326.22 1 0
github.com/arzzra/soft_phone/pkg/media/jitter_buffer.go:332.41,339.26 4 0
github.com/arzzra/soft_phone/pkg/media/jitter_buffer.go:339.26,342.34 2 0
github.com/arzzra/soft_phone/pkg/media/jitter_buffer.go:342.34,344.9 1 0
github.com/arzzra/soft_phone/pkg/media/jitter_buffer.go:348.3,356.10 3 0
github.com/arzzra/soft_phone/pkg/media/jitter_buffer.go:357.46,357.46 0 0
github.com/arzzra/soft_phone/pkg/media/jitter_buffer.go:359.11,359.11 0 0
github.com/arzzra/soft_phone/pkg/media/jitter_buffer.go:364.3,364.10 1 0
github.com/arzzra/soft_phone/pkg/media/jitter_buffer.go:365.45,365.45 0 0
github.com/arzzra/soft_phone/pkg/media/jitter_buffer.go:367.11,369.23 1 0
github.com/arzzra/soft_phone/pkg/media/jitter_buffer.go:375.51,384.33 5 0
github.com/arzzra/soft_phone/pkg/media/jitter_buffer.go:384.33,387.3 1 0
github.com/arzzra/soft_phone/pkg/media/jitter_buffer.go:387.8,387.38 1 0
github.com/arzzra/soft_phone/pkg/media/jitter_buffer.go:387.38,390.3 1 0
github.com/arzzra/soft_phone/pkg/media/jitter_buffer.go:393.2,396.31 3 0
github.com/arzzra/soft_phone/pkg/media/jitter_buffer.go:396.31,398.3 1 0
github.com/arzzra/soft_phone/pkg/media/jitter_buffer.go:399.2,399.31 1 0
github.com/arzzra/soft_phone/pkg/media/jitter_buffer.go:399.31,401.3 1 0
github.com/arzzra/soft_phone/pkg/media/jitter_buffer.go:404.2,405.19 2 0
github.com/arzzra/soft_phone/pkg/media/jitter_buffer.go:405.19,407.3 1 0
github.com/arzzra/soft_phone/pkg/media/jitter_buffer.go:407.8,409.3 1 0
github.com/arzzra/soft_phone/pkg/media/jitter_buffer.go:413.41,416.2 1 0
github.com/arzzra/soft_phone/pkg/media/jitter_buffer.go:419.42,420.20 1 0
github.com/arzzra/soft_phone/pkg/media/jitter_buffer.go:420.20,422.3 1 0
github.com/arzzra/soft_phone/pkg/media/jitter_buffer.go:424.2,424.29 1 0
github.com/arzzra/soft_phone/pkg/media/session.go:70.39,71.11 1 0
github.com/arzzra/soft_phone/pkg/media/session.go:72.22,73.16 1 0
github.com/arzzra/soft_phone/pkg/media/session.go:74.24,75.18 1 0
github.com/arzzra/soft_phone/pkg/media/session.go:76.24,77.18 1 0
github.com/arzzra/soft_phone/pkg/media/session.go:78.24,79.18 1 0
github.com/arzzra/soft_phone/pkg/media/session.go:80.10,81.19 1 0
github.com/arzzra/soft_phone/pkg/media/session.go:261.48,273.2 1 0
github.com/arzzra/soft_phone/pkg/media/session.go:276.62,277.28 1 0
github.com/arzzra/soft_phone/pkg/media/session.go:277.28,282.3 1 0
github.com/arzzra/soft_phone/pkg/media/session.go:285.2,285.23 1 0
github.com/arzzra/soft_phone/pkg/media/session.go:285.23,294.3 1 0
github.com/arzzra/soft_phone/pkg/media/session.go:297.2,297.49 1 0
github.com/arzzra/soft_phone/pkg/media/session.go:297.49,306.3 1 0
github.com/arzzra/soft_phone/pkg/media/session.go:309.2,309.23 1 0
github.com/arzzra/soft_phone/pkg/media/session.go:309.23,311.3 1 0
github.com/arzzra/soft_phone/pkg/media/session.go:312.2,312.30 1 0
github.com/arzzra/soft_phone/pkg/media/session.go:312.30,314.3 1 0
github.com/arzzra/soft_phone/pkg/media/session.go:316.2,352.26 5 0
github.com/arzzra/soft_phone/pkg/media/session.go:352.26,361.17 4 0
github.com/arzzra/soft_phone/pkg/media/session.go:361.17,364.4 2 0
github.com/arzzra/soft_phone/pkg/media/session.go:368.2,368.24 1 0
github.com/arzzra/soft_phone/pkg/media/session.go:368.24,373.66 3 0
github.com/arzzra/soft_phone/pkg/media/session.go:373.66,375.59 1 0
github.com/arzzra/soft_phone/pkg/media/session.go:375.59,377.5 1 0
github.com/arzzra/soft_phone/pkg/media/session.go:382.2,388.21 2 0
github.com/arzzra/soft_phone/pkg/media/session.go:415.84,419.55 3 0
github.com/arzzra/soft_phone/pkg/media/session.go:419.55,422.3 1 0
github.com/arzzra/soft_phone/pkg/media/session.go:424.2,432.77 5 0
github.com/arzzra/soft_phone/pkg/media/session.go:432.77,434.3 1 0
github.com/arzzra/soft_phone/pkg/media/session.go:436.2,436.12 1 0
github.com/arzzra/soft_phone/pkg/media/session.go:456.64,461.13 4 0
github.com/arzzra/soft_phone/pkg/media/session.go:461.13,464.3 1 0
github.com/arzzra/soft_phone/pkg/media/session.go:467.2,467.39 1 0
github.com/arzzra/soft_phone/pkg/media/session.go:467.39,469.3 1 0
github.com/arzzra/soft_phone/pkg/media/session.go:471.2,478.12 5 0
github.com/arzzra/soft_phone/pkg/media/session.go:482.34,486.32 3 0
github.com/arzzra/soft_phone/pkg/media/session.go:486.32,495.3 1 0
github.com/arzzra/soft_phone/pkg/media/session.go:498.2,501.18 2 0
github.com/arzzra/soft_phone/pkg/media/session.go:501.18,505.3 3 0
github.com/arzzra/soft_phone/pkg/media/session.go:507.2,510.48 2 0
github.com/arzzra/soft_phone/pkg/media/session.go:510.48,513.3 2 0
github.com/arzzra/soft_phone/pkg/media/session.go:516.2,523.17 6 0
github.com/arzzra/soft_phone/pkg/media/session.go:523.17,526.3 2 0
github.com/arzzra/soft_phone/pkg/media/session.go:529.2,530.44 2 0
github.com/arzzra/soft_phone/pkg/media/session.go:530.44,531.44 1 0
github.com/arzzra/soft_phone/pkg/media/session.go:531.44,534.4 2 0
github.com/arzzra/soft_phone/pkg/media/session.go:536.2,538.12 2 0
github.com/arzzra/soft_phone/pkg/media/session.go:542.33,546.34 3 0
github.com/arzzra/soft_phone/pkg/media/session.go:546.34,548.3 1 0
github.com/arzzra/soft_phone/pkg/media/session.go:550.2,553.26 2 0
github.com/arzzra/soft_phone/pkg/media/session.go:553.26,556.3 2 0
github.com/arzzra/soft_phone/pkg/media/session.go:559.2,563.48 3 0
github.com/arzzra/soft_phone/pkg/media/session.go:563.48,566.3 2 0
github.com/arzzra/soft_phone/pkg/media/session.go:569.2,575.44 5 0
github.com/arzzra/soft_phone/pkg/media/session.go:575.44,577.3 1 0
github.com/arzzra/soft_phone/pkg/media/session.go:578.2,583.12 3 0
github.com/arzzra/soft_phone/pkg/media/session.go:588.54,589.19 1 0
github.com/arzzra/soft_phone/pkg/media/session.go:589.19,595.3 1 0
github.com/arzzra/soft_phone/pkg/media/session.go:597.2,598.31 2 0
github.com/arzzra/soft_phone/pkg/media/session.go:598.31,607.3 1 0
github.com/arzzra/soft_phone/pkg/media/session.go:610.2,611.16 2 0
github.com/arzzra/soft_phone/pkg/media/session.go:611.16,613.3 1 0
github.com/arzzra/soft_phone/pkg/media/session.go:616.2,616.43 1 0
github.com/arzzra/soft_phone/pkg/media/session.go:642.59,643.19 1 0
github.com/arzzra/soft_phone/pkg/media/session.go:643.19,649.3 1 0
github.com/arzzra/soft_phone/pkg/media/session.go:651.2,652.31 2 0
github.com/arzzra/soft_phone/pkg/media/session.go:652.31,661.3 1 0
github.com/arzzra/soft_phone/pkg/media/session.go:664.2,665.38 2 0
github.com/arzzra/soft_phone/pkg/media/session.go:665.38,670.3 1 0
github.com/arzzra/soft_phone/pkg/media/session.go:673.2,673.41 1 0
github.com/arzzra/soft_phone/pkg/media/session.go:691.110,692.19 1 0
github.com/arzzra/soft_phone/pkg/media/session.go:692.19,698.3 1 0
github.com/arzzra/soft_phone/pkg/media/session.go:700.2,701.31 2 0
github.com/arzzra/soft_phone/pkg/media/session.go:701.31,710.3 1 0
github.com/arzzra/soft_phone/pkg/media/session.go:712.2,715.20 3 0
github.com/arzzra/soft_phone/pkg/media/session.go:715.20,718.3 1 0
github.com/arzzra/soft_phone/pkg/media/session.go:718.8,729.17 4 0
github.com/arzzra/soft_phone/pkg/media/session.go:729.17,732.4 1 0
github.com/arzzra/soft_phone/pkg/media/session.go:736.2,736.39 1 0
github.com/arzzra/soft_phone/pkg/media/session.go:757.62,758.19 1 0
github.com/arzzra/soft_phone/pkg/media/session.go:758.19,764.3 1 0
github.com/arzzra/soft_phone/pkg/media/session.go:766.2,767.31 2 0
github.com/arzzra/soft_phone/pkg/media/session.go:767.31,776.3 1 0
github.com/arzzra/soft_phone/pkg/media/session.go:780.2,783.44 3 0
github.com/arzzra/soft_phone/pkg/media/session.go:783.44,785.28 1 0
github.com/arzzra/soft_phone/pkg/media/session.go:785.28,786.12 1 0
github.com/arzzra/soft_phone/pkg/media/session.go:789.3,790.17 2 0
github.com/arzzra/soft_phone/pkg/media/session.go:790.17,792.12 2 0
github.com/arzzra/soft_phone/pkg/media/session.go:797.2,799.12 2 0
github.com/arzzra/soft_phone/pkg/media/session.go:803.76,804.19 1 0
github.com/arzzra/soft_phone/pkg/media/session.go:804.19,810.3 1 0
github.com/arzzra/soft_phone/pkg/media/session.go:812.2,812.45 1 0
github.com/arzzra/soft_phone/pkg/media/session.go:812.45,815.3 1 0
github.com/arzzra/soft_phone/pkg/media/session.go:817.2,818.31 2 0
github.com/arzzra/soft_phone/pkg/media/session.go:818.31,827.3 1 0
github.com/arzzra/soft_phone/pkg/media/session.go:830.2,839.16 3 0
github.com/arzzra/soft_phone/pkg/media/session.go:839.16,841.3 1 0
github.com/arzzra/soft_phone/pkg/media/session.go:844.2,847.44 3 0
github.com/arzzra/soft_phone/pkg/media/session.go:847.44,849.28 1 0
github.com/arzzra/soft_phone/pkg/media/session.go:849.28,850.12 1 0
github.com/arzzra/soft_phone/pkg/media/session.go:853.3,853.34 1 0
github.com/arzzra/soft_phone/pkg/media/session.go:853.34,855.18 2 0
github.com/arzzra/soft_phone/pkg/media/session.go:855.18,857.13 2 0
github.com/arzzra/soft_phone/pkg/media/session.go:863.2,865.12 2 0
github.com/arzzra/soft_phone/pkg/media/session.go:892.106,893.19 1 0
github.com/arzzra/soft_phone/pkg/media/session.go:893.19,899.3 1 0
github.com/arzzra/soft_phone/pkg/media/session.go:901.2,901.45 1 0
github.com/arzzra/soft_phone/pkg/media/session.go:901.45,904.3 1 0
github.com/arzzra/soft_phone/pkg/media/session.go:906.2,907.31 2 0
github.com/arzzra/soft_phone/pkg/media/session.go:907.31,916.3 1 0
github.com/arzzra/soft_phone/pkg/media/session.go:919.2,923.13 4 0
github.com/arzzra/soft_phone/pkg/media/session.go:923.13,932.3 1 0
github.com/arzzra/soft_phone/pkg/media/session.go:935.2,935.27 1 0
github.com/arzzra/soft_phone/pkg/media/session.go:935.27,944.3 1 0
github.com/arzzra/soft_phone/pkg/media/session.go:947.2,956.16 3 0
github.com/arzzra/soft_phone/pkg/media/session.go:956.16,958.3 1 0
github.com/arzzra/soft_phone/pkg/media/session.go:961.2,961.33 1 0
github.com/arzzra/soft_phone/pkg/media/session.go:961.33,963.17 2 0
github.com/arzzra/soft_phone/pkg/media/session.go:963.17,966.4 1 0
github.com/arzzra/soft_phone/pkg/media/session.go:970.2,972.12 2 0
github.com/arzzra/soft_phone/pkg/media/session.go:997.84,999.31 2 0
github.com/arzzra/soft_phone/pkg/media/session.go:999.31,1008.3 1 0
github.com/arzzra/soft_phone/pkg/media/session.go:1011.2,1015.13 4 0
github.com/arzzra/soft_phone/pkg/media/session.go:1015.13,1024.3 1 0
github.com/arzzra/soft_phone/pkg/media/session.go:1027.2,1027.27 1 0
github.com/arzzra/soft_phone/pkg/media/session.go:1027.27,1036.3 1 0
github.com/arzzra/soft_phone/pkg/media/session.go:1039.2,1040.16 2 0
github.com/arzzra/soft_phone/pkg/media/session.go:1040.16,1042.3 1 0
github.com/arzzra/soft_phone/pkg/media/session.go:1045.2,1045.59 1 0
github.com/arzzra/soft_phone/pkg/media/session.go:1066.89,1068.31 2 0
github.com/arzzra/soft_phone/pkg/media/session.go:1068.31,1077.3 1 0
github.com/arzzra/soft_phone/pkg/media/session.go:1080.2,1084.13 4 0
github.com/arzzra/soft_phone/pkg/media/session.go:1084.13,1093.3 1 0
github.com/arzzra/soft_phone/pkg/media/session.go:1096.2,1096.27 1 0
github.com/arzzra/soft_phone/pkg/media/session.go:1096.27,1105.3 1 0
github.com/arzzra/soft_phone/pkg/media/session.go:1108.2,1109.38 2 0
github.com/arzzra/soft_phone/pkg/media/session.go:1109.38,1114.3 1 0
github.com/arzzra/soft_phone/pkg/media/session.go:1117.2,1117.57 1 0
github.com/arzzra/soft_phone/pkg/media/session.go:1135.140,1137.31 2 0
github.com/arzzra/soft_phone/pkg/media/session.go:1137.31,1146.3 1 0
github.com/arzzra/soft_phone/pkg/media/session.go:1149.2,1153.13 4 0
github.com/arzzra/soft_phone/pkg/media/session.go:1153.13,1162.3 1 0
github.com/arzzra/soft_phone/pkg/media/session.go:1165.2,1165.27 1 0
github.com/arzzra/soft_phone/pkg/media/session.go:1165.27,1174.3 1 0
github.com/arzzra/soft_phone/pkg/media/session.go:1176.2,1179.20 3 0
github.com/arzzra/soft_phone/pkg/media/session.go:1179.20,1182.3 1 0
github.com/arzzra/soft_phone/pkg/media/session.go:1182.8,1192.17 4 0
github.com/arzzra/soft_phone/pkg/media/session.go:1192.17,1195.4 1 0
github.com/arzzra/soft_phone/pkg/media/session.go:1199.2,1199.55 1 0
github.com/arzzra/soft_phone/pkg/media/session.go:1223.56,1225.64 1 0
github.com/arzzra/soft_phone/pkg/media/session.go:1225.64,1236.3 1 0
github.com/arzzra/soft_phone/pkg/media/session.go:1238.2,1251.30 8 0
github.com/arzzra/soft_phone/pkg/media/session.go:1251.30,1253.3 1 0
github.com/arzzra/soft_phone/pkg/media/session.go:1256.2,1257.58 2 0
github.com/arzzra/soft_phone/pkg/media/session.go:1257.58,1260.3 2 0
github.com/arzzra/soft_phone/pkg/media/session.go:1261.2,1263.12 2 0
github.com/arzzra/soft_phone/pkg/media/session.go:1284.59,1290.39 4 0
github.com/arzzra/soft_phone/pkg/media/session.go:1290.39,1300.17 4 0
github.com/arzzra/soft_phone/pkg/media/session.go:1300.17,1302.4 1 0
github.com/arzzra/soft_phone/pkg/media/session.go:1305.2,1305.12 1 0
github.com/arzzra/soft_phone/pkg/media/session.go:1309.44,1313.2 3 0
github.com/arzzra/soft_phone/pkg/media/session.go:1316.45,1318.2 1 0
github.com/arzzra/soft_phone/pkg/media/session.go:1321.52,1325.2 3 0
github.com/arzzra/soft_phone/pkg/media/session.go:1328.35,1332.44 3 0
github.com/arzzra/soft_phone/pkg/media/session.go:1332.44,1333.27 1 0
github.com/arzzra/soft_phone/pkg/media/session.go:1333.27,1335.4 1 0
github.com/arzzra/soft_phone/pkg/media/session.go:1337.2,1337.14 1 0
github.com/arzzra/soft_phone/pkg/media/session.go:1341.38,1345.44 3 0
github.com/arzzra/soft_phone/pkg/media/session.go:1345.44,1346.30 1 0
github.com/arzzra/soft_phone/pkg/media/session.go:1346.30,1348.4 1 0
github.com/arzzra/soft_phone/pkg/media/session.go:1350.2,1350.14 1 0
github.com/arzzra/soft_phone/pkg/media/session.go:1354.67,1359.25 4 0
github.com/arzzra/soft_phone/pkg/media/session.go:1359.25,1361.28 2 0
github.com/arzzra/soft_phone/pkg/media/session.go:1361.28,1363.4 1 0
github.com/arzzra/soft_phone/pkg/media/session.go:1364.3,1364.34 1 0
github.com/arzzra/soft_phone/pkg/media/session.go:1369.47,1376.2 5 0
github.com/arzzra/soft_phone/pkg/media/session.go:1379.50,1386.2 5 0
github.com/arzzra/soft_phone/pkg/media/session.go:1389.42,1394.2 3 0
github.com/arzzra/soft_phone/pkg/media/session.go:1397.45,1402.2 3 0
github.com/arzzra/soft_phone/pkg/media/session.go:1405.50,1406.12 1 0
github.com/arzzra/soft_phone/pkg/media/session.go:1407.107,1408.14 1 0
github.com/arzzra/soft_phone/pkg/media/session.go:1409.10,1410.15 1 0
github.com/arzzra/soft_phone/pkg/media/session.go:1415.57,1416.12 1 0
github.com/arzzra/soft_phone/pkg/media/session.go:1417.90,1418.14 1 0
github.com/arzzra/soft_phone/pkg/media/session.go:1419.23,1420.15 1 0
github.com/arzzra/soft_phone/pkg/media/session.go:1421.10,1422.14 1 0
github.com/arzzra/soft_phone/pkg/media/session.go:1428.49,1432.24 2 0
github.com/arzzra/soft_phone/pkg/media/session.go:1433.40,1434.26 1 0
github.com/arzzra/soft_phone/pkg/media/session.go:1435.23,1436.26 1 0
github.com/arzzra/soft_phone/pkg/media/session.go:1437.22,1439.39 1 0
github.com/arzzra/soft_phone/pkg/media/session.go:1440.23,1442.39 1 0
github.com/arzzra/soft_phone/pkg/media/session.go:1443.23,1445.38 1 0
github.com/arzzra/soft_phone/pkg/media/session.go:1446.10,1447.26 1 0
github.com/arzzra/soft_phone/pkg/media/session.go:1453.48,1454.24 1 0
github.com/arzzra/soft_phone/pkg/media/session.go:1455.23,1456.31 1 0
github.com/arzzra/soft_phone/pkg/media/session.go:1457.23,1458.30 1 0
github.com/arzzra/soft_phone/pkg/media/session.go:1459.23,1460.17 1 0
github.com/arzzra/soft_phone/pkg/media/session.go:1461.22,1462.21 1 0
github.com/arzzra/soft_phone/pkg/media/session.go:1463.23,1464.17 1 0
github.com/arzzra/soft_phone/pkg/media/session.go:1465.23,1466.17 1 0
github.com/arzzra/soft_phone/pkg/media/session.go:1467.10,1468.53 1 0
github.com/arzzra/soft_phone/pkg/media/session.go:1473.66,1477.30 2 0
github.com/arzzra/soft_phone/pkg/media/session.go:1477.30,1483.3 3 0
github.com/arzzra/soft_phone/pkg/media/session.go:1485.2,1485.12 1 0
github.com/arzzra/soft_phone/pkg/media/session.go:1489.49,1491.2 1 0
github.com/arzzra/soft_phone/pkg/media/session.go:1494.41,1498.2 3 0
github.com/arzzra/soft_phone/pkg/media/session.go:1501.61,1516.43 8 0
github.com/arzzra/soft_phone/pkg/media/session.go:1516.43,1518.86 1 0
github.com/arzzra/soft_phone/pkg/media/session.go:1518.86,1520.4 1 0
github.com/arzzra/soft_phone/pkg/media/session.go:1523.2,1523.12 1 0
github.com/arzzra/soft_phone/pkg/media/session.go:1527.84,1532.13 4 0
github.com/arzzra/soft_phone/pkg/media/session.go:1532.13,1541.3 1 0
github.com/arzzra/soft_phone/pkg/media/session.go:1543.2,1544.12 2 0
github.com/arzzra/soft_phone/pkg/media/session.go:1548.69,1551.33 3 0
github.com/arzzra/soft_phone/pkg/media/session.go:1551.33,1554.3 2 0
github.com/arzzra/soft_phone/pkg/media/session.go:1557.2,1560.32 2 0
github.com/arzzra/soft_phone/pkg/media/session.go:1560.32,1563.3 2 0
github.com/arzzra/soft_phone/pkg/media/session.go:1566.2,1578.13 8 0
github.com/arzzra/soft_phone/pkg/media/session.go:1578.13,1580.3 1 0
github.com/arzzra/soft_phone/pkg/media/session.go:1583.2,1583.27 1 0
github.com/arzzra/soft_phone/pkg/media/session.go:1583.27,1589.3 4 0
github.com/arzzra/soft_phone/pkg/media/session.go:1592.2,1593.16 2 0
github.com/arzzra/soft_phone/pkg/media/session.go:1593.16,1596.3 2 0
github.com/arzzra/soft_phone/pkg/media/session.go:1599.2,1602.20 2 0
github.com/arzzra/soft_phone/pkg/media/session.go:1602.20,1604.3 1 0
github.com/arzzra/soft_phone/pkg/media/session.go:1607.2,1607.30 1 0
github.com/arzzra/soft_phone/pkg/media/session.go:1611.36,1619.19 5 0
github.com/arzzra/soft_phone/pkg/media/session.go:1619.19,1621.3 1 0
github.com/arzzra/soft_phone/pkg/media/session.go:1623.2,1624.6 2 0
github.com/arzzra/soft_phone/pkg/media/session.go:1624.6,1625.10 1 0
github.com/arzzra/soft_phone/pkg/media/session.go:1626.22,1628.10 2 0
github.com/arzzra/soft_phone/pkg/media/session.go:1629.19,1633.42 3 0
github.com/arzzra/soft_phone/pkg/media/session.go:1633.42,1635.5 1 0
github.com/arzzra/soft_phone/pkg/media/session.go:1636.4,1639.41 2 0
github.com/arzzra/soft_phone/pkg/media/session.go:1639.41,1641.5 1 0
github.com/arzzra/soft_phone/pkg/media/session.go:1644.4,1644.26 1 0
github.com/arzzra/soft_phone/pkg/media/session.go:1650.40,1654.30 2 0
github.com/arzzra/soft_phone/pkg/media/session.go:1654.30,1657.3 2 0
github.com/arzzra/soft_phone/pkg/media/session.go:1660.2,1663.40 2 0
github.com/arzzra/soft_phone/pkg/media/session.go:1663.40,1666.3 2 0
github.com/arzzra/soft_phone/pkg/media/session.go:1669.2,1681.30 6 0
github.com/arzzra/soft_phone/pkg/media/session.go:1685.53,1689.44 3 0
github.com/arzzra/soft_phone/pkg/media/session.go:1689.44,1691.28 1 0
github.com/arzzra/soft_phone/pkg/media/session.go:1691.28,1692.12 1 0
github.com/arzzra/soft_phone/pkg/media/session.go:1695.3,1696.17 2 0
github.com/arzzra/soft_phone/pkg/media/session.go:1696.17,1698.12 2 0
github.com/arzzra/soft_phone/pkg/media/session.go:1703.2,1706.24 2 0
github.com/arzzra/soft_phone/pkg/media/session.go:1706.24,1708.3 1 0
github.com/arzzra/soft_phone/pkg/media/session.go:1712.47,1716.2 3 0
github.com/arzzra/soft_phone/pkg/media/session.go:1719.57,1721.2 1 0
github.com/arzzra/soft_phone/pkg/media/session.go:1724.45,1727.30 2 0
github.com/arzzra/soft_phone/pkg/media/session.go:1727.30,1735.52 5 0
github.com/arzzra/soft_phone/pkg/media/session.go:1735.52,1736.23 1 0
github.com/arzzra/soft_phone/pkg/media/session.go:1736.23,1743.15 5 0
github.com/arzzra/soft_phone/pkg/media/session.go:1743.15,1745.20 2 0
github.com/arzzra/soft_phone/pkg/media/session.go:1745.20,1747.7 1 0
github.com/arzzra/soft_phone/pkg/media/session.go:1751.5,1751.68 1 0
github.com/arzzra/soft_phone/pkg/media/session.go:1755.3,1755.15 1 0
github.com/arzzra/soft_phone/pkg/media/session.go:1755.15,1757.4 1 0
github.com/arzzra/soft_phone/pkg/media/session.go:1758.3,1758.13 1 0
github.com/arzzra/soft_phone/pkg/media/session.go:1762.2,1771.12 6 0
github.com/arzzra/soft_phone/pkg/media/session.go:1776.60,1779.2 0 0
github.com/arzzra/soft_phone/pkg/media/session.go:1783.97,1787.2 3 0
github.com/arzzra/soft_phone/pkg/media/session.go:1790.43,1794.2 3 0
github.com/arzzra/soft_phone/pkg/media/session.go:1797.46,1801.2 3 0
github.com/arzzra/soft_phone/pkg/media/session.go:1805.75,1809.2 3 0
github.com/arzzra/soft_phone/pkg/media/session.go:1813.44,1817.2 3 0
github.com/arzzra/soft_phone/pkg/media/session.go:1820.47,1824.2 3 0
github.com/arzzra/soft_phone/pkg/media/session.go:1827.102,1831.2 3 0
github.com/arzzra/soft_phone/pkg/media/session.go:1834.48,1838.2 3 0
github.com/arzzra/soft_phone/pkg/media/session.go:1841.51,1845.2 3 0
github.com/arzzra/soft_phone/pkg/media/session.go:1848.105,1852.2 3 0
github.com/arzzra/soft_phone/pkg/media/session.go:1855.51,1859.2 3 0
github.com/arzzra/soft_phone/pkg/media/session.go:1862.54,1866.2 3 0
github.com/arzzra/soft_phone/pkg/media/session.go:1869.76,1875.46 4 0
github.com/arzzra/soft_phone/pkg/media/session.go:1875.46,1877.53 1 0
github.com/arzzra/soft_phone/pkg/media/session.go:1877.53,1879.4 1 0
github.com/arzzra/soft_phone/pkg/media/session.go:1884.47,1890.28 4 0
github.com/arzzra/soft_phone/pkg/media/session.go:1890.28,1892.3 1 0
github.com/arzzra/soft_phone/pkg/media/session.go:1896.50,1900.2 3 0
github.com/arzzra/soft_phone/pkg/media/session.go:1903.70,1907.2 3 0
github.com/arzzra/soft_phone/pkg/media/session.go:1910.45,1914.2 3 0
github.com/arzzra/soft_phone/pkg/media/session.go:1917.48,1921.2 3 0
github.com/arzzra/soft_phone/pkg/media/session.go:1926.39,1929.28 2 0
github.com/arzzra/soft_phone/pkg/media/session.go:1929.28,1931.3 1 0
github.com/arzzra/soft_phone/pkg/media/session.go:1933.2,1934.6 2 0
github.com/arzzra/soft_phone/pkg/media/session.go:1934.6,1935.10 1 0
github.com/arzzra/soft_phone/pkg/media/session.go:1936.24,1938.10 2 0
github.com/arzzra/soft_phone/pkg/media/session.go:1939.11,1942.18 2 0
github.com/arzzra/soft_phone/pkg/media/session.go:1942.18,1943.28 1 0
github.com/arzzra/soft_phone/pkg/media/session.go:1943.28,1946.6 2 0
github.com/arzzra/soft_phone/pkg/media/session.go:1947.5,1948.13 2 0
github.com/arzzra/soft_phone/pkg/media/session.go:1952.4,1952.60 1 0
github.com/arzzra/soft_phone/pkg/media/session.go:1952.60,1954.5 1 0
github.com/arzzra/soft_phone/pkg/media/session.go:1960.41,1963.30 2 0
github.com/arzzra/soft_phone/pkg/media/session.go:1963.30,1965.3 1 0
github.com/arzzra/soft_phone/pkg/media/session.go:1968.2,1972.6 4 0
github.com/arzzra/soft_phone/pkg/media/session.go:1972.6,1973.10 1 0
github.com/arzzra/soft_phone/pkg/media/session.go:1974.24,1976.10 2 0
github.com/arzzra/soft_phone/pkg/media/session.go:1977.19,1980.34 1 0
github.com/arzzra/soft_phone/pkg/media/session.go:1987.64,1988.19 1 0
github.com/arzzra/soft_phone/pkg/media/session.go:1988.19,1990.3 1 0
github.com/arzzra/soft_phone/pkg/media/session.go:1993.2,1993.48 1 0
github.com/arzzra/soft_phone/pkg/media/session.go:1993.48,1995.17 2 0
github.com/arzzra/soft_phone/pkg/media/session.go:1995.17,1997.4 1 0
github.com/arzzra/soft_phone/pkg/media/session.go:1998.8,2001.3 1 0
github.com/arzzra/soft_phone/pkg/media/session.go:2005.91,2006.19 1 0
github.com/arzzra/soft_phone/pkg/media/session.go:2006.19,2008.3 1 0
github.com/arzzra/soft_phone/pkg/media/session.go:2009.2,2009.22 1 0
github.com/arzzra/soft_phone/pkg/media/session.go:2009.22,2011.3 1 0
github.com/arzzra/soft_phone/pkg/media/session.go:2014.2,2014.48 1 0
github.com/arzzra/soft_phone/pkg/media/session.go:2014.48,2016.17 2 0
github.com/arzzra/soft_phone/pkg/media/session.go:2016.17,2018.4 1 0
github.com/arzzra/soft_phone/pkg/media/session.go:2019.8,2022.3 1 0
github.com/arzzra/soft_phone/pkg/media/session.go:2026.62,2029.2 1 0
github.com/arzzra/soft_phone/pkg/media/session.go:2032.89,2034.46 1 0
github.com/arzzra/soft_phone/pkg/media/session.go:2034.46,2035.67 1 0
github.com/arzzra/soft_phone/pkg/media/session.go:2035.67,2036.18 1 0
github.com/arzzra/soft_phone/pkg/media/session.go:2036.18,2038.5 1 0
github.com/arzzra/soft_phone/pkg/media/session.go:2038.10,2040.5 1 0
github.com/arzzra/soft_phone/pkg/media/session.go:2041.4,2041.10 1 0
github.com/arzzra/soft_phone/pkg/media/session.go:2046.2,2050.29 4 0
github.com/arzzra/soft_phone/pkg/media/session.go:2050.29,2056.3 4 0
github.com/arzzra/soft_phone/pkg/media/session.go:2059.2,2059.53 1 0
github.com/arzzra/soft_phone/pkg/media/session.go:2063.88,2065.55 1 0
github.com/arzzra/soft_phone/pkg/media/session.go:2065.55,2068.3 1 0
github.com/arzzra/soft_phone/pkg/media/session.go:2071.2,2071.30 1 0
github.com/arzzra/soft_phone/pkg/media/session.go:2071.30,2073.3 1 0
github.com/arzzra/soft_phone/pkg/media/session.go:2076.2,2082.28 5 0
github.com/arzzra/soft_phone/pkg/media/session.go:2082.28,2084.3 1 0
github.com/arzzra/soft_phone/pkg/media/session.go:2087.2,2087.53 1 0
github.com/arzzra/soft_phone/pkg/media/session.go:2087.53,2089.17 2 0
github.com/arzzra/soft_phone/pkg/media/session.go:2089.17,2092.4 2 0
github.com/arzzra/soft_phone/pkg/media/session.go:2095.3,2095.70 1 0
github.com/arzzra/soft_phone/pkg/media/session.go:2099.2,2100.25 2 0
github.com/arzzra/soft_phone/pkg/media/session.go:2104.48,2105.30 1 0
github.com/arzzra/soft_phone/pkg/media/session.go:2105.30,2107.3 1 0
github.com/arzzra/soft_phone/pkg/media/session.go:2109.2,2115.24 4 0
github.com/arzzra/soft_phone/pkg/media/session.go:2121.51,2125.31 3 0
github.com/arzzra/soft_phone/pkg/media/session.go:2125.31,2127.3 1 0
github.com/arzzra/soft_phone/pkg/media/session.go:2129.2,2131.13 2 0
github.com/arzzra/soft_phone/pkg/media/session.go:2131.13,2140.15 6 0
github.com/arzzra/soft_phone/pkg/media/session.go:2140.15,2143.4 2 0
github.com/arzzra/soft_phone/pkg/media/session.go:2147.2,2148.44 2 0
github.com/arzzra/soft_phone/pkg/media/session.go:2148.44,2149.56 1 0
github.com/arzzra/soft_phone/pkg/media/session.go:2149.56,2152.4 2 0
github.com/arzzra/soft_phone/pkg/media/session.go:2154.2,2156.12 2 0
github.com/arzzra/soft_phone/pkg/media/session.go:2160.41,2164.2 3 0
github.com/arzzra/soft_phone/pkg/media/session.go:2168.55,2172.21 3 0
github.com/arzzra/soft_phone/pkg/media/session.go:2172.21,2174.3 1 0
github.com/arzzra/soft_phone/pkg/media/session.go:2177.2,2183.44 4 0
github.com/arzzra/soft_phone/pkg/media/session.go:2183.44,2184.34 1 0
github.com/arzzra/soft_phone/pkg/media/session.go:2184.34,2185.12 1 0
github.com/arzzra/soft_phone/pkg/media/session.go:2188.3,2191.64 2 0
github.com/arzzra/soft_phone/pkg/media/session.go:2191.64,2193.34 1 0
github.com/arzzra/soft_phone/pkg/media/session.go:2193.34,2194.20 1 0
github.com/arzzra/soft_phone/pkg/media/session.go:2194.20,2195.14 1 0
github.com/arzzra/soft_phone/pkg/media/session.go:2199.5,2206.45 6 0
github.com/arzzra/soft_phone/pkg/media/session.go:2206.45,2208.6 1 0
github.com/arzzra/soft_phone/pkg/media/session.go:2209.5,2209.57 1 0
github.com/arzzra/soft_phone/pkg/media/session.go:2209.57,2211.6 1 0
github.com/arzzra/soft_phone/pkg/media/session.go:2214.5,2214.66 1 0
github.com/arzzra/soft_phone/pkg/media/session.go:2214.66,2217.6 2 0
github.com/arzzra/soft_phone/pkg/media/session.go:2222.2,2222.24 1 0
github.com/arzzra/soft_phone/pkg/media/session.go:2227.71,2228.25 1 0
github.com/arzzra/soft_phone/pkg/media/session.go:2228.25,2230.3 1 0
github.com/arzzra/soft_phone/pkg/media/session.go:2232.2,2237.52 4 0
github.com/arzzra/soft_phone/pkg/media/session.go:2237.52,2238.33 1 0
github.com/arzzra/soft_phone/pkg/media/session.go:2238.33,2240.4 1 0
github.com/arzzra/soft_phone/pkg/media/session.go:2243.2,2243.15 1 0
github.com/arzzra/soft_phone/pkg/media/session.go:2247.43,2248.25 1 0
github.com/arzzra/soft_phone/pkg/media/session.go:2248.25,2254.3 1 0
github.com/arzzra/soft_phone/pkg/media/session.go:2257.2,2261.52 4 0
github.com/arzzra/soft_phone/pkg/media/session.go:2261.52,2262.53 1 0
github.com/arzzra/soft_phone/pkg/media/session.go:2262.53,2264.12 2 0
github.com/arzzra/soft_phone/pkg/media/session.go:2268.2,2268.22 1 0
github.com/arzzra/soft_phone/pkg/media/session.go:2268.22,2272.3 3 0
github.com/arzzra/soft_phone/pkg/media/session.go:2274.2,2274.18 1 0
github.com/arzzra/soft_phone/pkg/media/session.go:2278.61,2282.2 3 0
github.com/arzzra/soft_phone/pkg/media/session.go:2285.39,2289.2 3 0
github.com/arzzra/soft_phone/pkg/media/session.go:2292.42,2296.2 3 0
github.com/arzzra/soft_phone/pkg/media/session.go:2299.35,2302.25 2 0
github.com/arzzra/soft_phone/pkg/media/session.go:2302.25,2304.3 1 0
github.com/arzzra/soft_phone/pkg/media/session.go:2306.2,2310.6 4 0
github.com/arzzra/soft_phone/pkg/media/session.go:2310.6,2311.10 1 0
github.com/arzzra/soft_phone/pkg/media/session.go:2312.24,2314.10 2 0
github.com/arzzra/soft_phone/pkg/media/session.go:2315.19,2316.63 1 0
github.com/arzzra/soft_phone/pkg/media/session.go:2316.63,2317.47 1 0
github.com/arzzra/soft_phone/pkg/media/session.go:2317.47,2319.6 1 0
github.com/arzzra/soft_phone/pkg/media/session.go:2326.64,2327.25 1 0
github.com/arzzra/soft_phone/pkg/media/session.go:2327.25,2329.3 1 0
github.com/arzzra/soft_phone/pkg/media/session.go:2331.2,2335.35 4 0
github.com/arzzra/soft_phone/pkg/media/session.go:2339.57,2340.25 1 0
github.com/arzzra/soft_phone/pkg/media/session.go:2340.25,2342.3 1 0
github.com/arzzra/soft_phone/pkg/media/session.go:2345.2,2351.25 5 0
github.com/arzzra/soft_phone/pkg/media/session.go:2351.25,2353.3 1 0
